// Jest Snapshot v1, https://goo.gl/fbAQLP

exports[`Upload hdat and score 1`] = `
Object {
  "P_BAD": 0.30567335603563,
  "_Index_": 1,
  "_WARN_": "",
}
`;

exports[`Upload sasast and score 1`] = `
Object {
  "describe": Array [
    Object {
      "FormatName": "         ",
      "Length": 8,
      "Name": "type_n        ",
      "RawType": "Num",
      "Role": "Input",
      "Type": "Interval      ",
    },
    Object {
      "FormatName": "         ",
      "Length": 8,
      "Name": "amount        ",
      "RawType": "Num",
      "Role": "Input",
      "Type": "Interval      ",
    },
    Object {
      "FormatName": "         ",
      "Length": 8,
      "Name": "newbalanceDest",
      "RawType": "Num",
      "Role": "Input",
      "Type": "Interval      ",
    },
    Object {
      "FormatName": "         ",
      "Length": 8,
      "Name": "newbalanceOrig",
      "RawType": "Num",
      "Role": "Input",
      "Type": "Interval      ",
    },
    Object {
      "FormatName": "         ",
      "Length": 8,
      "Name": "oldbalanceDest",
      "RawType": "Num",
      "Role": "Input",
      "Type": "Interval      ",
    },
    Object {
      "FormatName": "         ",
      "Length": 8,
      "Name": "oldbalanceOrg ",
      "RawType": "Num",
      "Role": "Input",
      "Type": "Interval      ",
    },
    Object {
      "FormatName": "         ",
      "Length": 8,
      "Name": "isFraud       ",
      "RawType": "Num",
      "Role": "Id   ",
      "Type": "              ",
    },
  ],
  "score": Object {
    "_Index_": 1,
    "_SVDDDISTANCE_": 0.97031525978426,
    "_SVDDSCORE_": -1,
    "amount": 0,
    "isFraud": 0,
    "newbalanceDest": 0,
    "newbalanceOrig": 0,
    "oldbalanceDest": 0,
    "oldbalanceOrg": 0,
    "type_n": 0,
  },
}
`;

exports[`score thru Mas 1`] = `
Array [
  Object {
    "name": "EM_CLASSIFICATION",
    "value": ".",
  },
  Object {
    "name": "EM_EVENTPROBABILITY",
    "value": 0.004432174682851474,
  },
  Object {
    "name": "EM_PROBABILITY",
    "value": 0.889188194070936,
  },
  Object {
    "name": "I_Species",
    "value": "versicolor",
  },
  Object {
    "name": "P_Speciessetosa",
    "value": 0.10637963124621268,
  },
  Object {
    "name": "P_Speciesversicolor",
    "value": 0.889188194070936,
  },
  Object {
    "name": "P_Speciesvirginica",
    "value": 0.004432174682851474,
  },
]
`;
