// Jest Snapshot v1, https://goo.gl/fbAQLP

exports[`computeService: basic 1`] = `
Array [
  Array [
    10,
    20,
    30,
    40,
    50,
    60,
    70,
    80,
    90,
    100,
    1,
    11,
  ],
  Array [
    10,
    20,
    30,
    40,
    50,
    60,
    70,
    80,
    90,
    100,
    2,
    11,
  ],
  Array [
    10,
    20,
    30,
    40,
    50,
    60,
    70,
    80,
    90,
    100,
    3,
    11,
  ],
  Array [
    10,
    20,
    30,
    40,
    50,
    60,
    70,
    80,
    90,
    100,
    4,
    11,
  ],
  Array [
    10,
    20,
    30,
    40,
    50,
    60,
    70,
    80,
    90,
    100,
    5,
    11,
  ],
]
`;