// Jest Snapshot v1, https://goo.gl/fbAQLP

exports[`List repositories 1`] = `
Immutable.Seq [
  "self",
  "models",
  "createModel",
  "createModelProject",
  "projects",
  "createProject",
  "repositories",
  "createRepository",
]
`;
