// Jest Snapshot v1, https://goo.gl/fbAQLP

exports[`files - paginate thru folders 1`] = `"done"`;
